<html>
<body>
<pre>
<h1>礦ision Build Log</h1>
<h2>Tool Versions:</h2>
IDE-Version: μVision V5.14.0.0
Copyright (C) 2015 ARM Ltd and ARM Germany GmbH. All rights reserved.
License Information: tiejiang tiejiang, tiejiang, LIC=DSNNN-Y82D4-MQI0F-6Q0EX-58IHZ-3KFW8
 
Tool Versions:
Toolchain:       MDK-ARM Professional  Version: 5.14.0.0
Toolchain Path:  D:\MDK\ARM\ARMCC\Bin
C Compiler:      Armcc.exe V5.05 update 1 (build 106)
Assembler:       Armasm.exe V5.05 update 1 (build 106)
Linker/Locator:  ArmLink.exe V5.05 update 1 (build 106)
Library Manager: ArmAr.exe V5.05 update 1 (build 106)
Hex Converter:   FromElf.exe V5.05 update 1 (build 106)
CPU DLL:         SARMCM3.DLL V5.14.0.0
Dialog DLL:      DCM.DLL V1.13.1.0
Target DLL:      STLink\ST-LINKIII-KEIL_SWO.dll V2.0.14.0_KEIL
Dialog DLL:      TCM.DLL V1.14.4.0
 
<h2>Project:</h2>
E:\2617\svn导出各个版本\demo_DMA_取新版6050数据\USER\DMA.uvprojx
Project File Date:  08/07/2016

<h2>Output:</h2>
Build target 'DMA'
compiling main.c...
main.c(17): warning:  #177-D: variable "t" was declared but never referenced
        u8 t=0;
main.c(18): warning:  #177-D: variable "j" was declared but never referenced
        u8 j,mask=0;
main.c(18): warning:  #177-D: variable "mask" was declared but never referenced
        u8 j,mask=0;
main.c(19): warning:  #177-D: variable "pro" was declared but never referenced
        float pro=0;//进度
main.c: 4 warnings, 0 errors
compiling stm32f10x_it.c...
compiling system_stm32f10x.c...
compiling led.c...
compiling key.c...
compiling lcd.c...
compiling dma.c...
..\HARDWARE\DMA\dma.c(92): warning:  #223-D: function "printf" declared implicitly
                printf("GET DATA AGAIN \n");
..\HARDWARE\DMA\dma.c(136): warning:  #223-D: function "abs" declared implicitly
                        if(abs(temp_x_axis_anglespeed-angleSpeed[0])>400){
..\HARDWARE\DMA\dma.c(157): warning:  #223-D: function "printf" declared implicitly
                printf("USART ClearITPendingBit");
..\HARDWARE\DMA\dma.c: 3 warnings, 0 errors
compiling delay.c...
compiling sys.c...
compiling usart.c...
compiling core_cm3.c...
assembling startup_stm32f10x_hd.s...
compiling misc.c...
compiling stm32f10x_dma.c...
compiling stm32f10x_fsmc.c...
compiling stm32f10x_gpio.c...
compiling stm32f10x_usart.c...
compiling stm32f10x_rcc.c...
linking...
Program Size: Code=6804 RO-data=336 RW-data=100 ZI-data=1812  
FromELF: creating hex file...
"..\OBJ\DMA.axf" - 0 Error(s), 7 Warning(s).

<h2>Collection of Component include folders:</h2>
  E:\2617\svn导出各个版本\demo_DMA_取新版6050数据\USER\RTE
  D:\MDK\ARM\PACK\Keil\STM32F1xx_DFP\1.0.4\Device\Include

<h2>Collection of Component Files used:</h2>
</pre>
</body>
</html>
